Total do churrasco: R$200.00
A deve pagar: R$100.00
B deve pagar: R$100.00