Total do churrasco: R$260.00
A deve pagar: R$86.67
B deve pagar: R$86.67
C deve pagar: R$86.67