Total do churrasco: R$60.00
L deve pagar: R$30.00
M deve pagar: R$30.00