Total do churrasco: R$100.00
X deve pagar: R$50.00
Y deve pagar: R$50.00