Total do churrasco: R$100.00
A deve pagar: R$50.00
B deve pagar: R$50.00