Total do churrasco: R$125.00
Felipe deve pagar: R$62.50
Marcos deve pagar: R$62.50