Total do churrasco: R$120.00
Ana deve pagar: R$20.00
Bia deve pagar: R$100.00