Total do churrasco: R$300.00
Abbiati deve pagar: R$34.29
Ana deve pagar: R$34.29
Caio deve pagar: R$34.29
Felipe deve pagar: R$34.29
GIullio deve pagar: R$20.00
Gabriel deve pagar: R$34.29
Heitor deve pagar: R$20.00
Jorge deve pagar: R$34.29
Lucca deve pagar: R$34.29
Roberta deve pagar: R$20.00