Total do churrasco: R$110.00
A deve pagar: R$95.00
B deve pagar: R$15.00