Total do churrasco: R$70.00
Carlos deve pagar: R$35.00
JoÃ£o deve pagar: R$35.00