Total do churrasco: R$120.00
A deve pagar: R$46.67
B deve pagar: R$46.67
C deve pagar: R$26.67