❌ Erro: [SINTÁTICO] Erro de sintaxe na linha 1: token '100.0' inesperado
