❌ Erro: [SINTÁTICO] Erro de sintaxe na linha 6: token 'quantidade' inesperado
