❌ Erro: [SINTÁTICO] Erro de sintaxe na linha 5: token 'preco_kg' inesperado
