❌ Erro: [SEMÂNTICO] Preço carne deve ser não-negativo.
