❌ Erro: [SEMÂNTICO] Total contribuído (R$150.00) é menor que o custo do churrasco (R$290.00)
