❌ Erro: [SEMÂNTICO] Amigo 'Felipe' já foi definido
