❌ Erro: [SEMÂNTICO] Nenhum amigo consome carne, mas há carnes declaradas.
