❌ Erro: [SEMÂNTICO] A carne 'picanha' já foi declarada anteriormente.
