❌ Erro: [SEMÂNTICO] Quantidade carne deve ser maior que zero
