❌ Erro: [LÉXICO] ERRO LEXICO 'amig "Felipe" contribui 100' na linha 1
