❌ Erro: [LÉXICO] ERRO LEXICO 'diferente' na linha 10
