❌ Erro: [LÉXICO] ERRO LEXICO 'costela" preco_kg 40 quantidade_kg 2' na linha 3
